npm warn exec The following package was not found and will be installed: cloudflared@0.7.3
2026-09-12T05:44:09Z INF Thank you for trying Cloudflare Tunnel. Doing so, without a Cloudflare account, is a quick way to experiment and try it out. However, be aware that these account-less Tunnels have no uptime guarantee, are subject to the Cloudflare Online Services Terms of Use (https://www.cloudflare.com/website-terms/), and Cloudflare reserves the right to investigate your use of Tunnels for violations of such terms. If you intend to use Tunnels in production you should use a pre-created named tunnel by following: https://developers.cloudflare.com/cloudflare-one/connections/connect-apps
2026-09-12T05:44:09Z INF Requesting new quick Tunnel on trycloudflare.com...
2026-09-12T05:44:15Z INF +--------------------------------------------------------------------------------------------+
2026-09-12T05:44:15Z INF |  Your quick Tunnel has been created! Visit it at (it may take some time to be reachable):  |
2026-09-12T05:44:15Z INF |  https://epa-depth-cancellation-statute.trycloudflare.com                                  |
2026-09-12T05:44:15Z INF +--------------------------------------------------------------------------------------------+
2026-09-12T05:44:15Z INF Cannot determine default configuration path. No file [config.yml config.yaml] in [~/.cloudflared ~/.cloudflare-warp ~/cloudflare-warp /etc/cloudflared /usr/local/etc/cloudflared]
2026-09-12T05:44:15Z INF Version 2026.9.1 (Checksum 9a0b19f67dc7a3011bc6b972c7ce06a5fcea8784ac6bd599ffa382ea4aeb5a6e)
2026-09-12T05:44:15Z INF GOOS: darwin, GOVersion: go1.26.2, GoArch: arm64
2026-09-12T05:44:15Z INF Settings: map[ha-connections:1 protocol:quic url:http://localhost:5001]
2026-09-12T05:44:15Z INF Autoupdate frequency is set autoupdateFreq=86400000
2026-09-12T05:44:15Z INF Generated Connector ID: 4b653c43-f7bb-4fa3-91c2-f8316f3dbbef
2026-09-12T05:44:15Z INF Initial protocol quic
2026-09-12T05:44:15Z INF ICMP proxy will use 10.12.30.84 as source for IPv4
2026-09-12T05:44:15Z INF ICMP proxy will use fe80::1cae:6604:17f6:3ac8 in zone en0 as source for IPv6
2026-09-12T05:44:15Z INF Created ICMP proxy listening on 10.12.30.84:0
2026-09-12T05:44:15Z INF ICMP proxy will use 10.12.30.84 as source for IPv4
2026-09-12T05:44:15Z INF ICMP proxy will use fe80::1cae:6604:17f6:3ac8 in zone en0 as source for IPv6
2026-09-12T05:44:15Z INF Starting metrics server on 127.0.0.1:20241/metrics
2026-09-12T05:44:15Z INF Tunnel connection curve preferences: [X25519MLKEM768 CurveID(65074) CurveP256] connIndex=0 event=0 ip=198.41.200.73
2026-09-12T05:44:16Z INF Registered tunnel connection connIndex=0 connection=3fa6440b-a1d0-4a95-8c65-1f885cdac7be event=0 ip=198.41.200.73 location=del06 protocol=quic
2026-09-12T05:44:21Z INF +-------------------------------------------------------------------------------------+
2026-09-12T05:44:21Z INF |                               CONNECTIVITY PRE-CHECKS                               |
2026-09-12T05:44:21Z INF +-------------------------------------------------------------------------------------+
2026-09-12T05:44:21Z INF |  COMPONENT         TARGET                     STATUS  DETAILS                       |
2026-09-12T05:44:21Z INF |  DNS Resolution    region1.v2.argotunnel.com  PASS    DNS Resolved successfully     |
2026-09-12T05:44:21Z INF |  DNS Resolution    region2.v2.argotunnel.com  PASS    DNS Resolved successfully     |
2026-09-12T05:44:21Z INF |  UDP Connectivity  region1.v2.argotunnel.com  PASS    QUIC connection successful    |
2026-09-12T05:44:21Z INF |  UDP Connectivity  region2.v2.argotunnel.com  PASS    QUIC connection successful    |
2026-09-12T05:44:21Z INF |  TCP Connectivity  region1.v2.argotunnel.com  PASS    HTTP/2 connection successful  |
2026-09-12T05:44:21Z INF |  TCP Connectivity  region2.v2.argotunnel.com  PASS    HTTP/2 connection successful  |
2026-09-12T05:44:21Z INF |  Cloudflare API    api.cloudflare.com:443     PASS    API is reachable              |
2026-09-12T05:44:21Z INF |                                                                                     |
2026-09-12T05:44:21Z INF |  SUMMARY: Environment is healthy. cloudflared will use 'quic' as primary protocol.  |
2026-09-12T05:44:21Z INF +-------------------------------------------------------------------------------------+
2026-09-12T05:44:21Z INF precheck component="DNS Resolution" details="DNS Resolved successfully" run_id=15fc753d-ef39-4421-92cf-0e567146e841 status=pass target=region1.v2.argotunnel.com
2026-09-12T05:44:21Z INF precheck component="DNS Resolution" details="DNS Resolved successfully" run_id=15fc753d-ef39-4421-92cf-0e567146e841 status=pass target=region2.v2.argotunnel.com
2026-09-12T05:44:21Z INF precheck component="UDP Connectivity" details="QUIC connection successful" run_id=15fc753d-ef39-4421-92cf-0e567146e841 status=pass target=region1.v2.argotunnel.com
2026-09-12T05:44:21Z INF precheck component="UDP Connectivity" details="QUIC connection successful" run_id=15fc753d-ef39-4421-92cf-0e567146e841 status=pass target=region2.v2.argotunnel.com
2026-09-12T05:44:21Z INF precheck component="TCP Connectivity" details="HTTP/2 connection successful" run_id=15fc753d-ef39-4421-92cf-0e567146e841 status=pass target=region1.v2.argotunnel.com
2026-09-12T05:44:21Z INF precheck component="TCP Connectivity" details="HTTP/2 connection successful" run_id=15fc753d-ef39-4421-92cf-0e567146e841 status=pass target=region2.v2.argotunnel.com
2026-09-12T05:44:21Z INF precheck component="Cloudflare API" details="API is reachable" run_id=15fc753d-ef39-4421-92cf-0e567146e841 status=pass target=api.cloudflare.com:443
2026-09-12T05:44:21Z INF precheck complete hard_fail=false run_id=15fc753d-ef39-4421-92cf-0e567146e841 suggested_protocol=quic
